// Jest Snapshot v1, https://goo.gl/fbAQLP

exports[`Test the demo component renders correctly 1`] = `
<div>
  HASKI
</div>
`;
